--------------------------------------------------------------------------
      name:  <unnamed>
       log:  C:\Users\USUARIO\OneDrive\Documentos\R\tax_ene2020\tax_2020\r
> esultados/encuesta/cant_cig_caj_w4_w5_w6.log
  log type:  text
 opened on:  10 Sep 2021, 14:15:41

. 
. *do dir_encuesta.do
. global datos = "datos/encuesta/"

. global codigo = "stata_code\encuesta_\"

. global resultados = "resultados\encuesta\"

. 
. // cantidad
. // de cigarros
. // por cajetilla
. 
. use "$datos/cantidades_cigarros_w4.dta", clear

. 
. append using "$datos/cantidades_cigarros_w5.dta"
(label marca already defined)

. 
. append using "$datos/cantidades_cigarros_w6.dta"
(label marca already defined)

. 
. save "$datos/cant_cig_caj_w4_w5_w6.dta", replace
(file datos/encuesta//cant_cig_caj_w4_w5_w6.dta not found)
file datos/encuesta//cant_cig_caj_w4_w5_w6.dta saved

. 
. log close
      name:  <unnamed>
       log:  C:\Users\USUARIO\OneDrive\Documentos\R\tax_ene2020\tax_2020\r
> esultados/encuesta/cant_cig_caj_w4_w5_w6.log
  log type:  text
 closed on:  10 Sep 2021, 14:15:41
--------------------------------------------------------------------------
