--------------------------------------------------------------------------------------------------------------------------------------------------------
      name:  <unnamed>
       log:  C:\Users\chen\OneDrive\Documentos\R\tax_ene2020\tax_2020\resultados/encuesta/modelos_consumo0.log
  log type:  text
 opened on:   9 Sep 2021, 18:19:26

. 
. global datos = "datos/encuesta/"

. global codigo = "stata_code\encuesta_\"

. global resultados = "resultados\encuesta\"

. 
. //use "$datos/wave4_5unbalanced.dta", clear
. use "$datos/cons_w456_unbalanc.dta", clear

. /***************************************************************************/
. // 1.0 MODELOS
. // 1.2 MODELOS ajustes variables agrupadas
. // global vars_reg "sexo i.gr_edad i.gr_educ i.ingreso_hogar i.tipo_cons"
. global vars_reg "sexo i.edad_gr3 i.educ_gr3 i.ingr_gr i.tipo_cons"

. // regress
. regress consumo_semanal $vars_reg if has_fumado_1mes

      Source |       SS           df       MS      Number of obs   =     4,073
-------------+----------------------------------   F(19, 4053)     =    123.82
       Model |  2396966.58        19  126156.136   Prob > F        =    0.0000
    Residual |  4129583.86     4,053   1018.8956   R-squared       =    0.3673
-------------+----------------------------------   Adj R-squared   =    0.3643
       Total |  6526550.44     4,072  1602.78744   Root MSE        =     31.92

------------------------------------------------------------------------------------------
         consumo_semanal |      Coef.   Std. Err.      t    P>|t|     [95% Conf. Interval]
-------------------------+----------------------------------------------------------------
                    sexo |  -3.389443   1.021426    -3.32   0.001    -5.391998   -1.386888
                         |
                edad_gr3 |
                  25-29  |  -1.663261   1.887097    -0.88   0.378    -5.363009    2.036487
                  30-34  |  -2.246495   1.893694    -1.19   0.236    -5.959176    1.466186
                  35-39  |  -.6451591   1.984674    -0.33   0.745     -4.53621    3.245892
                  40-44  |   1.002023   2.163112     0.46   0.643    -3.238865    5.242911
                  45-54  |   2.462645   1.904666     1.29   0.196    -1.271546    6.196837
                    55+  |   11.79405   2.158192     5.46   0.000     7.562807    16.02529
                         |
                educ_gr3 |
                Técnica  |  -4.636635   2.230682    -2.08   0.038    -9.009998   -.2632712
           Preparatoria  |   -5.28876   1.898839    -2.79   0.005    -9.011528   -1.565993
Licenciatura incompleta  |  -4.436091   2.034025    -2.18   0.029    -8.423898   -.4482844
  Licenciatura completa  |  -1.367772   1.985011    -0.69   0.491    -5.259483     2.52394
                   Otro  |   1.978923   2.969048     0.67   0.505    -3.842043    7.799889
                         |
                 ingr_gr |
         8,001 a 15 mil  |   .0578948   1.448644     0.04   0.968    -2.782243    2.898032
        15,001 a 20 mil  |   .4433016   1.689667     0.26   0.793    -2.869375    3.755978
                20 mil+  |   3.732806   1.645521     2.27   0.023     .5066798    6.958932
                  No sé  |    -6.2909   2.526547    -2.49   0.013    -11.24432    -1.33748
                         |
               tipo_cons |
          diario-suelto  |  -22.34814   2.723373    -8.21   0.000    -27.68745   -17.00883
   esporádico-cajetilla  |  -44.25417   1.145143   -38.65   0.000    -46.49928   -42.00906
      esporádico-suelto  |  -48.81066   1.570329   -31.08   0.000    -51.88937   -45.73195
                         |
                   _cons |    59.6542   2.330966    25.59   0.000     55.08423    64.22418
------------------------------------------------------------------------------------------

. // FE:
. xtreg consumo_semanal $vars_reg if has_fumado_1mes, fe

Fixed-effects (within) regression               Number of obs     =      4,073
Group variable: id_num                          Number of groups  =      2,631

R-sq:                                           Obs per group:
     within  = 0.1369                                         min =          1
     between = 0.3035                                         avg =        1.5
     overall = 0.2841                                         max =          3

                                                F(19,1423)        =      11.88
corr(u_i, Xb)  = 0.2780                         Prob > F          =     0.0000

------------------------------------------------------------------------------------------
         consumo_semanal |      Coef.   Std. Err.      t    P>|t|     [95% Conf. Interval]
-------------------------+----------------------------------------------------------------
                    sexo |   5.728721   3.972084     1.44   0.149    -2.063049    13.52049
                         |
                edad_gr3 |
                  25-29  |  -6.494281   4.767233    -1.36   0.173    -15.84584    2.857278
                  30-34  |   1.427922   5.644411     0.25   0.800    -9.644337    12.50018
                  35-39  |   2.889658   6.715231     0.43   0.667    -10.28316    16.06247
                  40-44  |  -6.197546   7.670826    -0.81   0.419    -21.24489    8.849796
                  45-54  |   3.524637   9.446888     0.37   0.709    -15.00669    22.05596
                    55+  |   1.116982   10.60719     0.11   0.916    -19.69042    21.92439
                         |
                educ_gr3 |
                Técnica  |  -.6466479   4.054833    -0.16   0.873     -8.60074    7.307444
           Preparatoria  |  -.3572289   3.851758    -0.09   0.926    -7.912962    7.198504
Licenciatura incompleta  |   1.011062     4.3579     0.23   0.817    -7.537537    9.559661
  Licenciatura completa  |   2.594228   4.428857     0.59   0.558    -6.093563    11.28202
                   Otro  |   1.435969   5.043467     0.28   0.776    -8.457459     11.3294
                         |
                 ingr_gr |
         8,001 a 15 mil  |   4.039722   1.694678     2.38   0.017     .7153869    7.364058
        15,001 a 20 mil  |   6.410997   2.044165     3.14   0.002     2.401096     10.4209
                20 mil+  |   6.214487   2.356773     2.64   0.008     1.591364    10.83761
                  No sé  |   4.049447   3.260636     1.24   0.214    -2.346722    10.44562
                         |
               tipo_cons |
          diario-suelto  |  -5.418873   2.708405    -2.00   0.046    -10.73177   -.1059778
   esporádico-cajetilla  |  -20.11295    1.45737   -13.80   0.000    -22.97178   -17.25413
      esporádico-suelto  |  -21.43594   2.162239    -9.91   0.000    -25.67746   -17.19442
                         |
                   _cons |    35.9666    6.78501     5.30   0.000      22.6569     49.2763
-------------------------+----------------------------------------------------------------
                 sigma_u |   33.10968
                 sigma_e |  14.641147
                     rho |  .83644065   (fraction of variance due to u_i)
------------------------------------------------------------------------------------------
F test that all u_i=0: F(2630, 1423) = 6.78                  Prob > F = 0.0000

. estimates store fixed

. *xttest2
. /*Error: too few common observations across panel.
> no observations
> r(2000);*/
. // RE:
. xtreg consumo_semanal $vars_reg if has_fumado_1mes, re

Random-effects GLS regression                   Number of obs     =      4,073
Group variable: id_num                          Number of groups  =      2,631

R-sq:                                           Obs per group:
     within  = 0.1237                                         min =          1
     between = 0.3931                                         avg =        1.5
     overall = 0.3618                                         max =          3

                                                Wald chi2(19)     =    1654.24
corr(u_i, X)   = 0 (assumed)                    Prob > chi2       =     0.0000

------------------------------------------------------------------------------------------
         consumo_semanal |      Coef.   Std. Err.      z    P>|z|     [95% Conf. Interval]
-------------------------+----------------------------------------------------------------
                    sexo |  -3.297227   1.155855    -2.85   0.004    -5.562662   -1.031792
                         |
                edad_gr3 |
                  25-29  |  -1.562842   1.902712    -0.82   0.411    -5.292089    2.166406
                  30-34  |   1.242902   1.960187     0.63   0.526    -2.598995    5.084798
                  35-39  |     2.8316   2.112499     1.34   0.180    -1.308823    6.972023
                  40-44  |   4.033065   2.307515     1.75   0.080    -.4895817    8.555712
                  45-54  |   6.966172   2.068901     3.37   0.001       2.9112    11.02114
                    55+  |   13.25462   2.353054     5.63   0.000     8.642716    17.86652
                         |
                educ_gr3 |
                Técnica  |  -4.714569   2.240738    -2.10   0.035    -9.106334    -.322804
           Preparatoria  |    -4.7186   1.952447    -2.42   0.016    -8.545326   -.8918734
Licenciatura incompleta  |  -4.139441    2.08215    -1.99   0.047     -8.22038   -.0585016
  Licenciatura completa  |  -1.365703   2.063112    -0.66   0.508    -5.409329    2.677923
                   Otro  |   .3071613   2.914677     0.11   0.916      -5.4055    6.019823
                         |
                 ingr_gr |
         8,001 a 15 mil  |   1.775907   1.227289     1.45   0.148    -.6295354     4.18135
        15,001 a 20 mil  |   3.463477   1.444488     2.40   0.016     .6323323    6.294622
                20 mil+  |   5.209221   1.515381     3.44   0.001     2.239129    8.179312
                  No sé  |   -1.52745   2.279041    -0.67   0.503    -5.994288    2.939388
                         |
               tipo_cons |
          diario-suelto  |  -13.15317   2.147259    -6.13   0.000    -17.36172   -8.944616
   esporádico-cajetilla  |  -34.47645   1.024482   -33.65   0.000     -36.4844    -32.4685
      esporádico-suelto  |  -39.25883   1.425393   -27.54   0.000    -42.05255   -36.46511
                         |
                   _cons |   50.09054   2.419024    20.71   0.000     45.34934    54.83174
-------------------------+----------------------------------------------------------------
                 sigma_u |  26.505868
                 sigma_e |  14.641147
                     rho |  .76621493   (fraction of variance due to u_i)
------------------------------------------------------------------------------------------

. estimates store random

. xttest0 

Breusch and Pagan Lagrangian multiplier test for random effects

        consumo_semanal[id_num,t] = Xb + u[id_num] + e[id_num,t]

        Estimated results:
                         |       Var     sd = sqrt(Var)
                ---------+-----------------------------
               consumo~l |   1602.787       40.03483
                       e |   214.3632       14.64115
                       u |    702.561       26.50587

        Test:   Var(u) = 0
                             chibar2(01) =  1627.17
                          Prob > chibar2 =   0.0000

. * significance of random effects
. * Hausmann Test
. // hausman consistent efficient
. hausman fixed random , sigmamore

                 ---- Coefficients ----
             |      (b)          (B)            (b-B)     sqrt(diag(V_b-V_B))
             |     fixed        random       Difference          S.E.
-------------+----------------------------------------------------------------
        sexo |    5.728721    -3.297227        9.025948        3.929322
    edad_gr3 |
          2  |   -6.494281    -1.562842       -4.931439        4.532541
          3  |    1.427922     1.242902        .1850205        5.480195
          4  |    2.889658       2.8316         .058058        6.594275
          5  |   -6.197546     4.033065       -10.23061        7.565673
          6  |    3.524637     6.966172       -3.441535        9.518882
          7  |    1.116982     13.25462       -12.13764        10.68145
    educ_gr3 |
          3  |   -.6466479    -4.714569        4.067921        3.530001
          4  |   -.3572289      -4.7186        4.361371        3.458692
          5  |    1.011062    -4.139441        5.150503        3.982133
          6  |    2.594228    -1.365703        3.959931        4.074215
          9  |    1.435969     .3071613        1.128808        4.307017
     ingr_gr |
          5  |    4.039722     1.775907        2.263815        1.243937
          6  |    6.410997     3.463477         2.94752        1.535062
          7  |    6.214487     5.209221        1.005266        1.899838
         99  |    4.049447     -1.52745        5.576897        2.471904
   tipo_cons |
          2  |   -5.418873    -13.15317        7.734293         1.78572
          3  |   -20.11295    -34.47645         14.3635        1.099421
          4  |   -21.43594    -39.25883        17.82289         1.71444
------------------------------------------------------------------------------
                           b = consistent under Ho and Ha; obtained from xtreg
            B = inconsistent under Ha, efficient under Ho; obtained from xtreg

    Test:  Ho:  difference in coefficients not systematic

                 chi2(19) = (b-B)'[(V_b-V_B)^(-1)](b-B)
                          =      225.50
                Prob>chi2 =      0.0000

. // ?fixed effects?random effects
. // RECHAZO ALEATORIOS
. 
. capture log close
