---------------------------------------------------------------------------------------------------------
      name:  <unnamed>
       log:  C:\Users\USUARIO\OneDrive\Documentos\R\tax_ene2020\tax_2020\resultados/encuesta/modelos_prec
> io.log
  log type:  text
 opened on:  10 Sep 2021, 15:06:57

. 
. /***************************************************************************/
. // MACROS
. do stata_code/encuesta_/dir_encuesta.do

. 
. global datos = "datos/encuesta/"

. global codigo = "stata_code\encuesta_\"

. global resultados = "resultados\encuesta\"

. 
end of do-file

. 
. // variable dependiente>
. global dep "ppu"

. 
. // variable independientes
. // sección 1 
. // sección 2
. //global vars_reg "sexo i.gr_edad i.gr_educ i.ingreso_hogar i.tipo_cons"
. //global vreg "sexo i.edad_gr2 i.educ_gr2 i.gr_ingr i.tipo"
. global vreg "sexo i.edad_gr3 i.educ_gr3 i.ingr_gr i.tipo_cons"

. global vars_txc "tax2020 covid19" 

. 
. 
. // sólo interacción de impuesto con sexo
. // global v_int "tax2020 tax2020_sexo "
. 
. // sección 3
. // global v_tipo "sexo#i.tipo_cons i.edad_gr2#i.tipo_cons i.educ_gr2#i.tipo_cons i.gr_ingr#i.tipo_cons 
> i.tipo"
. // global v_tipo_int "tax2020 tax2020#i.tipo_cons tax2020_sexo#i.tipo_cons "
. 
. global v_singles "sexo#singles i.edad_gr3#singles i.educ_gr3#singles i.ingr_gr#singles i.singles  i.pat
> ron"

. global v_txc_singles "tax2020#i.singles tax2020_sexo#i.singles tax2020#i.patron tax2020_sexo#i.patron"

. global v_covid19 "covid19#i.singles covid19_sexo#i.singles covid19#i.patron covid19_sexo#i.patron"

. 
. // sección 4
. // 1.4 MODELOS interacturados con pandemia, pandemia_sexo: patron, singles
. global v_covid19 "covid19#i.singles covid19_sexo#i.singles covid19#i.patron covid19_sexo#i.patron"

. 
. use "$datos/cp_w456unbalanc.dta", clear
(cantidad y precio waves 4, 5 y 6)

. // use "$datos/wave4_5unbalanced.dta", clear
. /***************************************************************************/
. // 1.0 MODELOS
. 
. regress $dep $vreg if has_fumado_1mes

      Source |       SS           df       MS      Number of obs   =     4,073
-------------+----------------------------------   F(19, 4053)     =    191.98
       Model |  4658.91234        19  245.205913   Prob > F        =    0.0000
    Residual |  5176.61575     4,053  1.27723063   R-squared       =    0.4737
-------------+----------------------------------   Adj R-squared   =    0.4712
       Total |  9835.52809     4,072  2.41540474   Root MSE        =    1.1301

------------------------------------------------------------------------------------------
                     ppu | Coefficient  Std. err.      t    P>|t|     [95% conf. interval]
-------------------------+----------------------------------------------------------------
                    sexo |   .0417807    .036164     1.16   0.248    -.0291206     .112682
                         |
                edad_gr3 |
                  25-29  |  -.1551606   .0668135    -2.32   0.020    -.2861517   -.0241694
                  30-34  |  -.0964891    .067047    -1.44   0.150    -.2279382    .0349599
                  35-39  |  -.1061348   .0702682    -1.51   0.131    -.2438992    .0316295
                  40-44  |  -.0427513   .0765859    -0.56   0.577    -.1929018    .1073991
                  45-54  |  -.2443253   .0674355    -3.62   0.000     -.376536   -.1121147
                    55+  |  -.3603169   .0764117    -4.72   0.000    -.5101259    -.210508
                         |
                educ_gr3 |
                Técnica  |    .046421   .0789783     0.59   0.557    -.1084198    .2012618
           Preparatoria  |   .1466084   .0672292     2.18   0.029     .0148023    .2784146
Licenciatura incompleta  |   .0947397   .0720155     1.32   0.188    -.0464503    .2359297
  Licenciatura completa  |   .3914361   .0702802     5.57   0.000     .2536483    .5292238
                   Otro  |   .4640654   .1051204     4.41   0.000     .2579716    .6701592
                         |
                 ingr_gr |
         8,001 a 15 mil  |   .1003695   .0512898     1.96   0.050    -.0001867    .2009258
        15,001 a 20 mil  |   .1750078   .0598234     2.93   0.003     .0577211    .2922946
                20 mil+  |   .1911991   .0582604     3.28   0.001     .0769768    .3054215
                  No sé  |  -.0916498   .0894535    -1.02   0.306    -.2670278    .0837281
                         |
               tipo_cons |
          diario-suelto  |   2.800957   .0964222    29.05   0.000     2.611916    2.989997
   esporádico-cajetilla  |   .1131353   .0405443     2.79   0.005     .0336462    .1926244
      esporádico-suelto  |   2.797497   .0555982    50.32   0.000     2.688494      2.9065
                         |
                   _cons |   2.739979   .0825288    33.20   0.000     2.578177    2.901781
------------------------------------------------------------------------------------------

. // FE:
. xtreg $dep $vreg if has_fumado_1mes, fe

Fixed-effects (within) regression               Number of obs     =      4,073
Group variable: id_num                          Number of groups  =      2,631

R-squared:                                      Obs per group:
     Within  = 0.4541                                         min =          1
     Between = 0.3693                                         avg =        1.5
     Overall = 0.3576                                         max =          3

                                                F(19,1423)        =      62.31
corr(u_i, Xb) = -0.2884                         Prob > F          =     0.0000

------------------------------------------------------------------------------------------
                     ppu | Coefficient  Std. err.      t    P>|t|     [95% conf. interval]
-------------------------+----------------------------------------------------------------
                    sexo |   -.096807   .2338589    -0.41   0.679    -.5555522    .3619382
                         |
                edad_gr3 |
                  25-29  |  -.1327318   .2806737    -0.47   0.636    -.6833106    .4178469
                  30-34  |   .2556996   .3323181     0.77   0.442    -.3961864    .9075856
                  35-39  |   .4939381   .3953633     1.25   0.212    -.2816194    1.269496
                  40-44  |   .5478686   .4516245     1.21   0.225    -.3380528     1.43379
                  45-54  |   1.118997   .5561913     2.01   0.044     .0279541     2.21004
                    55+  |   .8697432   .6245046     1.39   0.164    -.3553054    2.094792
                         |
                educ_gr3 |
                Técnica  |   .2416326   .2387308     1.01   0.312    -.2266694    .7099346
           Preparatoria  |   .1471731   .2267746     0.65   0.516    -.2976752    .5920215
Licenciatura incompleta  |  -.0346322    .256574    -0.13   0.893    -.5379361    .4686718
  Licenciatura completa  |  -.1226015   .2607517    -0.47   0.638    -.6341004    .3888975
                   Otro  |   .0594584   .2969372     0.20   0.841    -.5230232      .64194
                         |
                 ingr_gr |
         8,001 a 15 mil  |   .0749398   .0997752     0.75   0.453    -.1207825     .270662
        15,001 a 20 mil  |   .0069404   .1203515     0.06   0.954     -.229145    .2430257
                20 mil+  |  -.0129587   .1387564    -0.09   0.926    -.2851478    .2592305
                  No sé  |   .2116583   .1919719     1.10   0.270    -.1649201    .5882366
                         |
               tipo_cons |
          diario-suelto  |   2.808356    .159459    17.61   0.000     2.495556    3.121156
   esporádico-cajetilla  |   -.043253   .0858035    -0.50   0.614     -.211568    .1250619
      esporádico-suelto  |   3.246346   .1273032    25.50   0.000     2.996624    3.496068
                         |
                   _cons |   2.443424   .3994716     6.12   0.000     1.659808    3.227041
-------------------------+----------------------------------------------------------------
                 sigma_u |   1.237752
                 sigma_e |  .86200643
                     rho |  .67339461   (fraction of variance due to u_i)
------------------------------------------------------------------------------------------
F test that all u_i=0: F(2630, 1423) = 2.11                  Prob > F = 0.0000

. estimates store fixed

. *xttest2
. /*Error: too few common observations across panel.
> no observations
> r(2000);*/
. // RE:
. xtreg $dep $vreg if has_fumado_1mes, re

Random-effects GLS regression                   Number of obs     =      4,073
Group variable: id_num                          Number of groups  =      2,631

R-squared:                                      Obs per group:
     Within  = 0.4387                                         min =          1
     Between = 0.4843                                         avg =        1.5
     Overall = 0.4729                                         max =          3

                                                Wald chi2(19)     =    3534.35
corr(u_i, X) = 0 (assumed)                      Prob > chi2       =     0.0000

------------------------------------------------------------------------------------------
                     ppu | Coefficient  Std. err.      z    P>|z|     [95% conf. interval]
-------------------------+----------------------------------------------------------------
                    sexo |   .0430199   .0413695     1.04   0.298    -.0380628    .1241026
                         |
                edad_gr3 |
                  25-29  |   -.160258   .0719289    -2.23   0.026     -.301236   -.0192801
                  30-34  |  -.0872986   .0730751    -1.19   0.232    -.2305231    .0559258
                  35-39  |  -.0612525   .0780814    -0.78   0.433    -.2142891    .0917841
                  40-44  |  -.0641218    .085492    -0.75   0.453    -.2316831    .1034395
                  45-54  |  -.2194444   .0754467    -2.91   0.004    -.3673171   -.0715716
                    55+  |   -.336556   .0859367    -3.92   0.000    -.5049888   -.1681232
                         |
                educ_gr3 |
                Técnica  |    .108481   .0873522     1.24   0.214    -.0627261    .2796881
           Preparatoria  |   .1770622   .0745459     2.38   0.018     .0309548    .3231696
Licenciatura incompleta  |   .1279363   .0792462     1.61   0.106    -.0273834    .2832559
  Licenciatura completa  |   .4110511    .078301     5.25   0.000     .2575839    .5645183
                   Otro  |   .4492049   .1154691     3.89   0.000     .2228897    .6755201
                         |
                 ingr_gr |
         8,001 a 15 mil  |   .1106334   .0525439     2.11   0.035     .0076492    .2136176
        15,001 a 20 mil  |   .1404948   .0615329     2.28   0.022     .0198925    .2610971
                20 mil+  |   .1646774   .0618998     2.66   0.008      .043356    .2859988
                  No sé  |   -.057825   .0946641    -0.61   0.541    -.2433633    .1277133
                         |
               tipo_cons |
          diario-suelto  |    2.80875   .0958078    29.32   0.000      2.62097     2.99653
   esporádico-cajetilla  |   .0635365   .0428692     1.48   0.138    -.0204856    .1475586
      esporádico-suelto  |   2.832656   .0584252    48.48   0.000     2.718145    2.947168
                         |
                   _cons |   2.712813   .0908539    29.86   0.000     2.534743    2.890884
-------------------------+----------------------------------------------------------------
                 sigma_u |  .75535055
                 sigma_e |  .86200643
                     rho |  .43434098   (fraction of variance due to u_i)
------------------------------------------------------------------------------------------

. estimates store random

. xttest0 

Breusch and Pagan Lagrangian multiplier test for random effects

        ppu[id_num,t] = Xb + u[id_num] + e[id_num,t]

        Estimated results:
                         |       Var     SD = sqrt(Var)
                ---------+-----------------------------
                     ppu |   2.415405       1.554157
                       e |   .7430551       .8620064
                       u |   .5705545       .7553506

        Test: Var(u) = 0
                             chibar2(01) =   199.68
                          Prob > chibar2 =   0.0000

. * significance of random effects
. * Hausmann Test
. // hausman consistent efficient
. hausman fixed random , sigmamore

                 ---- Coefficients ----
             |      (b)          (B)            (b-B)     sqrt(diag(V_b-V_B))
             |     fixed        random       Difference       Std. err.
-------------+----------------------------------------------------------------
        sexo |    -.096807     .0430199       -.1398269        .2303392
    edad_gr3 |
          2  |   -.1327318     -.160258        .0275262        .2715065
          3  |    .2556996    -.0872986        .3429982        .3244257
          4  |    .4939381    -.0612525        .5551906        .3878624
          5  |    .5478686    -.0641218        .6119904        .4437852
          6  |    1.118997    -.2194444        1.338441        .5514485
          7  |    .8697432     -.336556        1.206299        .6190108
    educ_gr3 |
          3  |    .2416326      .108481        .1331516        .2223575
          4  |    .1471731     .1770622        -.029889        .2143422
          5  |   -.0346322     .1279363       -.1625684        .2442206
          6  |   -.1226015     .4110511       -.5336526        .2489114
          9  |    .0594584     .4492049       -.3897464         .273795
     ingr_gr |
          5  |    .0749398     .1106334       -.0356937         .084902
          6  |    .0069404     .1404948       -.1335544        .1035313
          7  |   -.0129587     .1646774        -.177636        .1242943
         99  |    .2116583     -.057825        .2694833        .1671652
   tipo_cons |
          2  |    2.808356      2.80875       -.0003942        .1276092
          3  |    -.043253     .0635365       -.1067895        .0743971
          4  |    3.246346     2.832656          .41369        .1132059
------------------------------------------------------------------------------
                          b = Consistent under H0 and Ha; obtained from xtreg.
           B = Inconsistent under Ha, efficient under H0; obtained from xtreg.

Test of H0: Difference in coefficients not systematic

   chi2(19) = (b-B)'[(V_b-V_B)^(-1)](b-B)
            =  68.22
Prob > chi2 = 0.0000

. // ?fixed effects?random effects
. // RECHAZO ALEATORIOS
. 
. /***************************************************************************/
. // 1.1 MODELOS
. // 1.2 MODELOS ajustes variables agrupadas
. // modelo
. regress $dep $vars_txc $vreg if has_fumado_1mes

      Source |       SS           df       MS      Number of obs   =     4,073
-------------+----------------------------------   F(21, 4051)     =    175.62
       Model |  4687.16907        21  223.198527   Prob > F        =    0.0000
    Residual |  5148.35901     4,051  1.27088596   R-squared       =    0.4766
-------------+----------------------------------   Adj R-squared   =    0.4738
       Total |  9835.52809     4,072  2.41540474   Root MSE        =    1.1273

------------------------------------------------------------------------------------------
                     ppu | Coefficient  Std. err.      t    P>|t|     [95% conf. interval]
-------------------------+----------------------------------------------------------------
                 tax2020 |   .1197645   .0431855     2.77   0.006     .0350973    .2044318
                 covid19 |   .2028915   .0433165     4.68   0.000     .1179674    .2878156
                    sexo |   .0399325   .0360805     1.11   0.268    -.0308051    .1106701
                         |
                edad_gr3 |
                  25-29  |  -.1486986   .0666616    -2.23   0.026     -.279392   -.0180052
                  30-34  |  -.0938941   .0668833    -1.40   0.160     -.225022    .0372339
                  35-39  |  -.1014111   .0701048    -1.45   0.148     -.238855    .0360328
                  40-44  |  -.0365647   .0764205    -0.48   0.632    -.1863909    .1132615
                  45-54  |  -.2391549   .0672791    -3.55   0.000    -.3710589   -.1072508
                    55+  |  -.3514642   .0762587    -4.61   0.000    -.5009731   -.2019553
                         |
                educ_gr3 |
                Técnica  |   .0418343   .0787879     0.53   0.595    -.1126332    .1963019
           Preparatoria  |   .1426051   .0670987     2.13   0.034     .0110548    .2741553
Licenciatura incompleta  |   .0902172   .0719036     1.25   0.210    -.0507534    .2311877
  Licenciatura completa  |   .3838829   .0701497     5.47   0.000      .246351    .5214148
                   Otro  |   .4581015   .1049145     4.37   0.000     .2524115    .6637915
                         |
                 ingr_gr |
         8,001 a 15 mil  |   .1040936   .0511688     2.03   0.042     .0037746    .2044125
        15,001 a 20 mil  |   .1868492   .0597289     3.13   0.002     .0697478    .3039506
                20 mil+  |   .1998788   .0581614     3.44   0.001     .0858504    .3139071
                  No sé  |  -.0841609   .0892498    -0.94   0.346    -.2591396    .0908177
                         |
               tipo_cons |
          diario-suelto  |   2.810193   .0962037    29.21   0.000      2.62158    2.998805
   esporádico-cajetilla  |   .1113833   .0404452     2.75   0.006     .0320883    .1906782
      esporádico-suelto  |    2.79868   .0554672    50.46   0.000     2.689934    2.907426
                         |
                   _cons |   2.629276    .086374    30.44   0.000     2.459936    2.798617
------------------------------------------------------------------------------------------

. outreg2 using resultados/encuesta/mod_p1_1, word excel replace
resultados/encuesta/mod_p1_1.rtf
resultados/encuesta/mod_p1_1.xml
dir : seeout

. 
. // estimación panel
. xtreg $dep $vars_txc $vreg if has_fumado_1mes, fe

Fixed-effects (within) regression               Number of obs     =      4,073
Group variable: id_num                          Number of groups  =      2,631

R-squared:                                      Obs per group:
     Within  = 0.4585                                         min =          1
     Between = 0.3971                                         avg =        1.5
     Overall = 0.3851                                         max =          3

                                                F(21,1421)        =      57.29
corr(u_i, Xb) = -0.2632                         Prob > F          =     0.0000

------------------------------------------------------------------------------------------
                     ppu | Coefficient  Std. err.      t    P>|t|     [95% conf. interval]
-------------------------+----------------------------------------------------------------
                 tax2020 |   .0788504   .0436343     1.81   0.071    -.0067442     .164445
                 covid19 |   .1724834   .0510341     3.38   0.001     .0723731    .2725937
                    sexo |  -.0999594   .2332457    -0.43   0.668    -.5575023    .3575835
                         |
                edad_gr3 |
                  25-29  |   -.193545   .2805569    -0.69   0.490    -.7438952    .3568053
                  30-34  |   .1359743   .3332376     0.41   0.683    -.5177162    .7896649
                  35-39  |   .3354867    .397143     0.84   0.398    -.4435628    1.114536
                  40-44  |   .3430773   .4543779     0.76   0.450    -.5482462    1.234401
                  45-54  |   .8401986   .5605065     1.50   0.134    -.2593106    1.939708
                    55+  |   .5449562   .6298385     0.87   0.387    -.6905569    1.780469
                         |
                educ_gr3 |
                Técnica  |   .2231432   .2387553     0.93   0.350    -.2452076    .6914939
           Preparatoria  |   .1447893   .2268208     0.64   0.523    -.3001503    .5897289
Licenciatura incompleta  |  -.0521866   .2572353    -0.20   0.839    -.5567883    .4524152
  Licenciatura completa  |  -.1632424    .261242    -0.62   0.532    -.6757037    .3492189
                   Otro  |   .0079907   .2975899     0.03   0.979     -.575772    .5917534
                         |
                 ingr_gr |
         8,001 a 15 mil  |   .0864741   .0995479     0.87   0.385    -.1088025    .2817507
        15,001 a 20 mil  |   .0357477   .1202826     0.30   0.766    -.2002029    .2716983
                20 mil+  |   .0215818   .1388853     0.16   0.877    -.2508604     .294024
                  No sé  |   .2243592   .1913805     1.17   0.241    -.1510594    .5997778
                         |
               tipo_cons |
          diario-suelto  |    2.82664   .1590505    17.77   0.000     2.514641    3.138639
   esporádico-cajetilla  |  -.0192403   .0858312    -0.22   0.823    -.1876097    .1491292
      esporádico-suelto  |     3.2727   .1271855    25.73   0.000     3.023209    3.522192
                         |
                   _cons |   2.512576   .3989842     6.30   0.000     1.729915    3.295238
-------------------------+----------------------------------------------------------------
                 sigma_u |  1.2021682
                 sigma_e |  .85916602
                     rho |  .66191499   (fraction of variance due to u_i)
------------------------------------------------------------------------------------------
F test that all u_i=0: F(2630, 1421) = 2.11                  Prob > F = 0.0000

. outreg2 using resultados/encuesta/mod_p1_1, word excel append
resultados/encuesta/mod_p1_1.rtf
resultados/encuesta/mod_p1_1.xml
dir : seeout

. 
. estimates store fixed

. *xttest2
. /*
> insufficient observations
> r(2001);
> 
> end of do-file
> */
. 
. xtreg $dep $vars_txc $vreg if has_fumado_1mes, re

Random-effects GLS regression                   Number of obs     =      4,073
Group variable: id_num                          Number of groups  =      2,631

R-squared:                                      Obs per group:
     Within  = 0.4435                                         min =          1
     Between = 0.4868                                         avg =        1.5
     Overall = 0.4758                                         max =          3

                                                Wald chi2(21)     =    3579.76
corr(u_i, X) = 0 (assumed)                      Prob > chi2       =     0.0000

------------------------------------------------------------------------------------------
                     ppu | Coefficient  Std. err.      z    P>|z|     [95% conf. interval]
-------------------------+----------------------------------------------------------------
                 tax2020 |   .1057781    .036536     2.90   0.004     .0341689    .1773874
                 covid19 |   .1930161   .0384356     5.02   0.000     .1176837    .2683485
                    sexo |   .0400646   .0412803     0.97   0.332    -.0408434    .1209725
                         |
                edad_gr3 |
                  25-29  |   -.153756   .0717569    -2.14   0.032    -.2943971    -.013115
                  30-34  |  -.0863258   .0728924    -1.18   0.236    -.2291923    .0565407
                  35-39  |  -.0576163   .0778942    -0.74   0.459    -.2102862    .0950536
                  40-44  |  -.0602103   .0852959    -0.71   0.480    -.2273872    .1069666
                  45-54  |  -.2145738   .0752699    -2.85   0.004    -.3621001   -.0670476
                    55+  |  -.3298905   .0857514    -3.85   0.000    -.4979601   -.1618209
                         |
                educ_gr3 |
                Técnica  |   .1034664   .0871385     1.19   0.235    -.0673218    .2742547
           Preparatoria  |   .1727636   .0744096     2.32   0.020     .0269235    .3186038
Licenciatura incompleta  |   .1220775   .0791462     1.54   0.123    -.0330463    .2772012
  Licenciatura completa  |   .3991527    .078191     5.10   0.000     .2459011    .5524042
                   Otro  |   .4382993    .115283     3.80   0.000     .2123488    .6642498
                         |
                 ingr_gr |
         8,001 a 15 mil  |   .1157054   .0524087     2.21   0.027     .0129862    .2184246
        15,001 a 20 mil  |   .1547787   .0614287     2.52   0.012     .0343806    .2751768
                20 mil+  |   .1780385   .0618229     2.88   0.004     .0568679    .2992091
                  No sé  |  -.0493432    .094425    -0.52   0.601    -.2344128    .1357265
                         |
               tipo_cons |
          diario-suelto  |   2.821055   .0955627    29.52   0.000     2.633756    3.008355
   esporádico-cajetilla  |   .0649158   .0427559     1.52   0.129    -.0188842    .1487157
      esporádico-suelto  |    2.83557    .058283    48.65   0.000     2.721337    2.949803
                         |
                   _cons |   2.609772   .0934627    27.92   0.000     2.426588    2.792955
-------------------------+----------------------------------------------------------------
                 sigma_u |  .75464262
                 sigma_e |  .85916602
                     rho |  .43550241   (fraction of variance due to u_i)
------------------------------------------------------------------------------------------

. outreg2 using resultados/encuesta/mod_p1_1, word excel append
resultados/encuesta/mod_p1_1.rtf
resultados/encuesta/mod_p1_1.xml
dir : seeout

. 
. estimates store random

. xttest0 

Breusch and Pagan Lagrangian multiplier test for random effects

        ppu[id_num,t] = Xb + u[id_num] + e[id_num,t]

        Estimated results:
                         |       Var     SD = sqrt(Var)
                ---------+-----------------------------
                     ppu |   2.415405       1.554157
                       e |   .7381662        .859166
                       u |   .5694855       .7546426

        Test: Var(u) = 0
                             chibar2(01) =   202.26
                          Prob > chibar2 =   0.0000

. * rechazo Pooled 
. * significance of random effects
. * Hausmann Test
. // hausman consistent efficient
. hausman fixed random , sigmamore

                 ---- Coefficients ----
             |      (b)          (B)            (b-B)     sqrt(diag(V_b-V_B))
             |     fixed        random       Difference       Std. err.
-------------+----------------------------------------------------------------
     tax2020 |    .0788504     .1057781       -.0269277        .0238852
     covid19 |    .1724834     .1930161       -.0205327        .0336026
        sexo |   -.0999594     .0400646        -.140024        .2296524
    edad_gr3 |
          2  |    -.193545     -.153756       -.0397889        .2713339
          3  |    .1359743    -.0863258        .2223001        .3252956
          4  |    .3354867    -.0576163         .393103        .3895808
          5  |    .3430773    -.0602103        .4032876        .4464735
          6  |    .8401986    -.2145738        1.054772        .5556414
          7  |    .5449562    -.3298905        .8748467        .6242118
    educ_gr3 |
          3  |    .2231432     .1034664        .1196767        .2223819
          4  |    .1447893     .1727636       -.0279743        .2143582
          5  |   -.0521866     .1220775       -.1742641         .244858
          6  |   -.1632424     .3991527        -.562395        .2493685
          9  |    .0079907     .4382993       -.4303086        .2744739
     ingr_gr |
          5  |    .0864741     .1157054       -.0292313         .084679
          6  |    .0357477     .1547787        -.119031        .1034662
          7  |    .0215818     .1780385       -.1564567        .1244247
         99  |    .2243592    -.0493432        .2737024        .1665468
   tipo_cons |
          2  |     2.82664     2.821055        .0055848        .1272154
          3  |   -.0192403     .0649158        -.084156        .0744611
          4  |      3.2727      2.83557        .4371302        .1130988
------------------------------------------------------------------------------
                          b = Consistent under H0 and Ha; obtained from xtreg.
           B = Inconsistent under Ha, efficient under H0; obtained from xtreg.

Test of H0: Difference in coefficients not systematic

   chi2(21) = (b-B)'[(V_b-V_B)^(-1)](b-B)
            =  67.41
Prob > chi2 = 0.0000

. // Rechazo Efectos aleatorios
. 
. use "$datos/cp_w456balanc.dta", clear
(panel balanceado cantidad y precio waves 4, 5 y 6)

. //use "$datos/wave4_5balanc.dta", clear
. xtreg $dep tax2020 $vreg if has_fumado_1mes, fe

Fixed-effects (within) regression               Number of obs     =      1,350
Group variable: id_num                          Number of groups  =        450

R-squared:                                      Obs per group:
     Within  = 0.4347                                         min =          3
     Between = 0.1888                                         avg =        3.0
     Overall = 0.2508                                         max =          3

                                                F(20,880)         =      33.84
corr(u_i, Xb) = -0.3674                         Prob > F          =     0.0000

------------------------------------------------------------------------------------------
                     ppu | Coefficient  Std. err.      t    P>|t|     [95% conf. interval]
-------------------------+----------------------------------------------------------------
                 tax2020 |   .0599867   .0469587     1.28   0.202    -.0321774    .1521508
                    sexo |  -.0145338   .2609383    -0.06   0.956    -.5266678    .4976002
                         |
                edad_gr3 |
                  25-29  |  -.0220577   .3789065    -0.06   0.954    -.7657235    .7216082
                  30-34  |    .520437   .4334771     1.20   0.230    -.3303327    1.371207
                  35-39  |   .7611871   .5348216     1.42   0.155    -.2884877    1.810862
                  40-44  |   .7880547   .5599214     1.41   0.160    -.3108826    1.886992
                  45-54  |   1.564895   .6633165     2.36   0.019     .2630275    2.866762
                    55+  |   1.179567   .7437231     1.59   0.113    -.2801109    2.639245
                         |
                educ_gr3 |
                Técnica  |    .083521   .3112882     0.27   0.789    -.5274329    .6944748
           Preparatoria  |  -.0138327   .3049193    -0.05   0.964    -.6122867    .5846212
Licenciatura incompleta  |  -.1317263   .3261652    -0.40   0.686    -.7718788    .5084263
  Licenciatura completa  |  -.1481541   .3387869    -0.44   0.662    -.8130789    .5167706
                   Otro  |  -.5367644   .3813454    -1.41   0.160    -1.285217    .2116881
                         |
                 ingr_gr |
         8,001 a 15 mil  |   .1213853   .1196689     1.01   0.311    -.1134845    .3562551
        15,001 a 20 mil  |   .0554595   .1440506     0.39   0.700    -.2272633    .3381822
                20 mil+  |   .1748999   .1697464     1.03   0.303    -.1582552     .508055
                  No sé  |   .2367811   .2202627     1.07   0.283    -.1955204    .6690826
                         |
               tipo_cons |
          diario-suelto  |   2.623581   .2192855    11.96   0.000     2.193198    3.053965
   esporádico-cajetilla  |   -.071489   .0999822    -0.72   0.475    -.2677205    .1247425
      esporádico-suelto  |   3.189636   .1583308    20.15   0.000     2.878886    3.500386
                         |
                   _cons |   2.121029    .560388     3.78   0.000     1.021176    3.220882
-------------------------+----------------------------------------------------------------
                 sigma_u |  1.1183271
                 sigma_e |  .80297037
                     rho |  .65983136   (fraction of variance due to u_i)
------------------------------------------------------------------------------------------
F test that all u_i=0: F(449, 880) = 2.92                    Prob > F = 0.0000

. outreg2 using resultados/encuesta/mod_p1_1, word excel append
resultados/encuesta/mod_p1_1.rtf
resultados/encuesta/mod_p1_1.xml
dir : seeout

. 
. /*-----------------------------------------------------*/
. /***************************************************************************/
. // 1.3 MODELOS tipo
. // use "$datos/wave4_5unbalanced.dta", clear
. use "$datos/cp_w456unbalanc.dta", clear
(cantidad y precio waves 4, 5 y 6)

. 
. // modelo
. // regress $dep $v_tipo_int $v_tipo if has_fumado_1mes
. regress $dep $vars_txc $v_txc_singles $v_singles 
note: 1.tax2020#1.singles omitted because of collinearity.
note: 1.tax2020#1.patron omitted because of collinearity.
note: 1.tax2020_sexo#1.patron omitted because of collinearity.

      Source |       SS           df       MS      Number of obs   =     4,073
-------------+----------------------------------   F(41, 4031)     =     92.93
       Model |  4779.17236        41  116.565179   Prob > F        =    0.0000
    Residual |  5056.35573     4,031  1.25436758   R-squared       =    0.4859
-------------+----------------------------------   Adj R-squared   =    0.4807
       Total |  9835.52809     4,072  2.41540474   Root MSE        =      1.12

----------------------------------------------------------------------------------------------------
                               ppu | Coefficient  Std. err.      t    P>|t|     [95% conf. interval]
-----------------------------------+----------------------------------------------------------------
                           tax2020 |   .0413007   .1452204     0.28   0.776    -.2434114    .3260129
                           covid19 |   .1968374   .0431193     4.56   0.000     .1122998     .281375
                                   |
                   tax2020#singles |
                      1#cajetilla  |   .0501165   .1381355     0.36   0.717    -.2207054    .3209385
                       1#sueltos   |          0  (omitted)
                                   |
              tax2020_sexo#singles |
                      1#cajetilla  |   .1138281   .1014378     1.12   0.262    -.0850462    .3127023
                       1#sueltos   |  -.1971766   .2014797    -0.98   0.328    -.5921882    .1978349
                                   |
                    tax2020#patron |
                       1#nondaily  |   .0401655   .1001308     0.40   0.688    -.1561462    .2364772
                          1#daily  |          0  (omitted)
                                   |
               tax2020_sexo#patron |
                       1#nondaily  |  -.0679714   .1281945    -0.53   0.596    -.3193034    .1833606
                          1#daily  |          0  (omitted)
                                   |
                      sexo#singles |
               Femenino#cajetilla  |  -.0571202   .0482473    -1.18   0.237    -.1517115    .0374712
                Femenino#sueltos   |   .4087482    .103381     3.95   0.000     .2060642    .6114322
                                   |
                  edad_gr3#singles |
                  25-29#cajetilla  |   -.030662   .0789226    -0.39   0.698    -.1853939      .12407
                   25-29#sueltos   |  -.5161298   .1231316    -4.19   0.000    -.7575357   -.2747238
                  30-34#cajetilla  |  -.0747441   .0778081    -0.96   0.337     -.227291    .0778028
                   30-34#sueltos   |  -.1442128   .1296575    -1.11   0.266    -.3984131    .1099875
                  35-39#cajetilla  |  -.0442193   .0797764    -0.55   0.579    -.2006251    .1121866
                   35-39#sueltos   |  -.2518155   .1499092    -1.68   0.093    -.5457203    .0420893
                  40-44#cajetilla  |  -.0050051   .0851438    -0.06   0.953    -.1719341    .1619239
                   40-44#sueltos   |   .0274841   .1859087     0.15   0.882    -.3369997    .3919679
                  45-54#cajetilla  |  -.1838722   .0759357    -2.42   0.016    -.3327481   -.0349963
                   45-54#sueltos   |  -.4419937   .1554791    -2.84   0.004    -.7468187   -.1371688
                    55+#cajetilla  |   -.329901   .0843871    -3.91   0.000    -.4953463   -.1644556
                     55+#sueltos   |  -.3383949   .2026484    -1.67   0.095    -.7356977     .058908
                                   |
                  educ_gr3#singles |
                Técnica#cajetilla  |   .2052503   .0902687     2.27   0.023     .0282737    .3822269
                 Técnica#sueltos   |  -.5313259   .1613064    -3.29   0.001    -.8475757   -.2150762
           Preparatoria#cajetilla  |   .2473869   .0777356     3.18   0.001     .0949822    .3997916
            Preparatoria#sueltos   |  -.1669667   .1309423    -1.28   0.202    -.4236859    .0897525
Licenciatura incompleta#cajetilla  |   .1801469   .0833354     2.16   0.031     .0167634    .3435303
 Licenciatura incompleta#sueltos   |   -.163398   .1400803    -1.17   0.243    -.4380328    .1112368
  Licenciatura completa#cajetilla  |    .406127   .0797255     5.09   0.000      .249821     .562433
   Licenciatura completa#sueltos   |   .5654502   .1552204     3.64   0.000     .2611324     .869768
                   Otro#cajetilla  |    .426586   .1159298     3.68   0.000     .1992995    .6538726
                    Otro#sueltos   |   .7748024   .2554171     3.03   0.002     .2740437    1.275561
                                   |
                   ingr_gr#singles |
         8,001 a 15 mil#cajetilla  |   .0495818   .0591828     0.84   0.402    -.0664493    .1656129
          8,001 a 15 mil#sueltos   |   .2373207   .1022743     2.32   0.020     .0368064    .4378349
        15,001 a 20 mil#cajetilla  |   .1282288    .067188     1.91   0.056    -.0034968    .2599543
         15,001 a 20 mil#sueltos   |   .3520663   .1350325     2.61   0.009      .087328    .6168046
                20 mil+#cajetilla  |   .1745546   .0646504     2.70   0.007     .0478041     .301305
                 20 mil+#sueltos   |   .2013192   .1489058     1.35   0.176    -.0906185    .4932569
                  No sé#cajetilla  |  -.0890079   .1060752    -0.84   0.401     -.296974    .1189582
                   No sé#sueltos   |  -.1018569   .1630244    -0.62   0.532    -.4214748    .2177611
                                   |
                           singles |
                         sueltos   |   2.903474   .1749829    16.59   0.000     2.560411    3.246537
                                   |
                            patron |
                            daily  |  -.0867872   .0454983    -1.91   0.057    -.1759891    .0024146
                             _cons |   2.688666    .098643    27.26   0.000     2.495271    2.882061
----------------------------------------------------------------------------------------------------

. outreg2 using resultados/encuesta/mod_p1_3, word excel replace
resultados/encuesta/mod_p1_3.rtf
resultados/encuesta/mod_p1_3.xml
dir : seeout

.  
. /*
> // pruebas
> testparm i.tipo // se rechaza igualdad
> testparm tax2020#i.tipo // no se rechaza igualdad
> testparm tax2020_sexo#i.tipo_cons // no se rechaza igualdad
>  */
. 
. // estimación panel
. //xtreg $dep $v_tipo_int $v_tipo if has_fumado_1mes, fe
. xtreg $dep  $vars_txc $v_txc_singles $v_singles if has_fumado_1mes, fe
note: 1.tax2020#1.singles omitted because of collinearity.
note: 1.tax2020#1.patron omitted because of collinearity.
note: 1.tax2020_sexo#1.patron omitted because of collinearity.

Fixed-effects (within) regression               Number of obs     =      4,073
Group variable: id_num                          Number of groups  =      2,631

R-squared:                                      Obs per group:
     Within  = 0.4781                                         min =          1
     Between = 0.3927                                         avg =        1.5
     Overall = 0.3849                                         max =          3

                                                F(41,1401)        =      31.31
corr(u_i, Xb) = -0.2546                         Prob > F          =     0.0000

----------------------------------------------------------------------------------------------------
                               ppu | Coefficient  Std. err.      t    P>|t|     [95% conf. interval]
-----------------------------------+----------------------------------------------------------------
                           tax2020 |   .2136172   .1720287     1.24   0.215    -.1238445    .5510788
                           covid19 |    .168011   .0507809     3.31   0.001     .0683963    .2676257
                                   |
                   tax2020#singles |
                      1#cajetilla  |  -.1597836   .1673459    -0.95   0.340    -.4880591     .168492
                       1#sueltos   |          0  (omitted)
                                   |
              tax2020_sexo#singles |
                      1#cajetilla  |   .0935484   .0997709     0.94   0.349     -.102168    .2892648
                       1#sueltos   |  -.2616428   .2481318    -1.05   0.292    -.7483926    .2251071
                                   |
                    tax2020#patron |
                       1#nondaily  |  -.0367158    .109454    -0.34   0.737    -.2514271    .1779955
                          1#daily  |          0  (omitted)
                                   |
               tax2020_sexo#patron |
                       1#nondaily  |  -.0261688   .1523891    -0.17   0.864    -.3251041    .2727666
                          1#daily  |          0  (omitted)
                                   |
                      sexo#singles |
               Femenino#cajetilla  |   -.128773   .2357413    -0.55   0.585     -.591217    .3336711
                Femenino#sueltos   |   .1542169   .3003707     0.51   0.608    -.4350079    .7434417
                                   |
                  edad_gr3#singles |
                  25-29#cajetilla  |  -.2045818    .281445    -0.73   0.467    -.7566807    .3475172
                   25-29#sueltos   |  -.3342117   .4103859    -0.81   0.416    -1.139249    .4708254
                  30-34#cajetilla  |  -.0266975   .3339714    -0.08   0.936    -.6818354    .6284405
                   30-34#sueltos   |   .3272885   .4555966     0.72   0.473    -.5664366    1.221014
                  35-39#cajetilla  |   .2901584   .3973452     0.73   0.465    -.4892973    1.069614
                   35-39#sueltos   |   .2610018   .5083965     0.51   0.608    -.7362987    1.258302
                  40-44#cajetilla  |   .3471802   .4537148     0.77   0.444    -.5428535    1.237214
                   40-44#sueltos   |  -.3678422   .5861637    -0.63   0.530    -1.517695    .7820109
                  45-54#cajetilla  |   .7605663   .5625203     1.35   0.177    -.3429066    1.864039
                   45-54#sueltos   |   .6626818   .6394575     1.04   0.300    -.5917155    1.917079
                    55+#cajetilla  |   .5699254   .6357406     0.90   0.370    -.6771806    1.817031
                     55+#sueltos   |   .3391538   .7514241     0.45   0.652    -1.134884    1.813191
                                   |
                  educ_gr3#singles |
                Técnica#cajetilla  |   .4383265   .2452877     1.79   0.074    -.0428443    .9194972
                 Técnica#sueltos   |  -.5012102   .3556694    -1.41   0.159    -1.198912    .1964917
           Preparatoria#cajetilla  |   .3163009   .2311528     1.37   0.171    -.1371421    .7697438
            Preparatoria#sueltos   |  -.6320397   .3141484    -2.01   0.044    -1.248292   -.0157878
Licenciatura incompleta#cajetilla  |   .1164631   .2632263     0.44   0.658    -.3998971    .6328233
 Licenciatura incompleta#sueltos   |  -.8544112   .3855146    -2.22   0.027    -1.610659   -.0981631
  Licenciatura completa#cajetilla  |  -.0367603   .2650795    -0.14   0.890    -.5567558    .4832351
   Licenciatura completa#sueltos   |  -.5611538   .3736262    -1.50   0.133    -1.294081    .1717732
                   Otro#cajetilla  |  -.1365812   .3052183    -0.45   0.655    -.7353152    .4621529
                    Otro#sueltos   |   1.111307   .4753814     2.34   0.020     .1787709    2.043843
                                   |
                   ingr_gr#singles |
         8,001 a 15 mil#cajetilla  |   .0969425   .1061092     0.91   0.361    -.1112076    .3050926
          8,001 a 15 mil#sueltos   |  -.0857891   .1915327    -0.45   0.654     -.461511    .2899327
        15,001 a 20 mil#cajetilla  |   .0554914   .1257092     0.44   0.659    -.1911071    .3020899
         15,001 a 20 mil#sueltos   |  -.0740969   .2620111    -0.28   0.777    -.5880732    .4398794
                20 mil+#cajetilla  |    .062968   .1450659     0.43   0.664    -.2216017    .3475377
                 20 mil+#sueltos   |  -.3863273    .276245    -1.40   0.162    -.9282257    .1555712
                  No sé#cajetilla  |   .2620355   .2151255     1.22   0.223    -.1599673    .6840382
                   No sé#sueltos   |  -.0208639   .2913828    -0.07   0.943    -.5924576    .5507298
                                   |
                           singles |
                         sueltos   |   3.840761   .3807623    10.09   0.000     3.093835    4.587687
                                   |
                            patron |
                            daily  |  -.0519021   .0892555    -0.58   0.561     -.226991    .1231868
                             _cons |   2.456111   .3967505     6.19   0.000     1.677822      3.2344
-----------------------------------+----------------------------------------------------------------
                           sigma_u |  1.2033168
                           sigma_e |  .84943659
                               rho |  .66741743   (fraction of variance due to u_i)
----------------------------------------------------------------------------------------------------
F test that all u_i=0: F(2630, 1401) = 2.13                  Prob > F = 0.0000

. outreg2 using resultados/encuesta/mod_p1_3, word excel append
resultados/encuesta/mod_p1_3.rtf
resultados/encuesta/mod_p1_3.xml
dir : seeout

. 
. estimates store fixed

. *xttest2
. /*
> insufficient observations
> r(2001);
> 
> end of do-file
> */
. /*
> // pruebas
> testparm i.tipo // se rechaza igualdad
> testparm tax2020#i.tipo // no se rechaza igualdad
> testparm tax2020_sexo#i.tipo_cons // no se rechaza igualdad
> */
. 
. //xtreg $dep $v_tipo_int $v_tipo if has_fumado_1mes, re
. xtreg $dep  $vars_txc $v_txc_singles $v_singles if has_fumado_1mes, re
note: 1.tax2020#1.singles omitted because of collinearity.
note: 1.tax2020#1.patron omitted because of collinearity.
note: 1.tax2020_sexo#1.patron omitted because of collinearity.

Random-effects GLS regression                   Number of obs     =      4,073
Group variable: id_num                          Number of groups  =      2,631

R-squared:                                      Obs per group:
     Within  = 0.4585                                         min =          1
     Between = 0.4920                                         avg =        1.5
     Overall = 0.4843                                         max =          3

                                                Wald chi2(41)     =    3689.62
corr(u_i, X) = 0 (assumed)                      Prob > chi2       =     0.0000

----------------------------------------------------------------------------------------------------
                               ppu | Coefficient  Std. err.      z    P>|z|     [95% conf. interval]
-----------------------------------+----------------------------------------------------------------
                           tax2020 |   .1195543   .1303664     0.92   0.359    -.1359591    .3750676
                           covid19 |   .1872554   .0382136     4.90   0.000     .1123582    .2621525
                                   |
                   tax2020#singles |
                      1#cajetilla  |  -.0381042   .1248607    -0.31   0.760    -.2828267    .2066183
                       1#sueltos   |          0  (omitted)
                                   |
              tax2020_sexo#singles |
                      1#cajetilla  |   .1127118   .0862403     1.31   0.191     -.056316    .2817396
                       1#sueltos   |  -.2006344   .1834439    -1.09   0.274    -.5601778     .158909
                                   |
                    tax2020#patron |
                       1#nondaily  |  -.0106115   .0886008    -0.12   0.905    -.1842659     .163043
                          1#daily  |          0  (omitted)
                                   |
               tax2020_sexo#patron |
                       1#nondaily  |  -.0475461   .1180332    -0.40   0.687    -.2788869    .1837948
                          1#daily  |          0  (omitted)
                                   |
                      sexo#singles |
               Femenino#cajetilla  |  -.0472725   .0503801    -0.94   0.348    -.1460155    .0514706
                Femenino#sueltos   |   .3361892   .1024436     3.28   0.001     .1354035     .536975
                                   |
                  edad_gr3#singles |
                  25-29#cajetilla  |  -.0479048   .0841695    -0.57   0.569     -.212874    .1170645
                   25-29#sueltos   |  -.4531278    .125705    -3.60   0.000    -.6995051   -.2067504
                  30-34#cajetilla  |  -.0932069   .0840631    -1.11   0.268    -.2579676    .0715537
                   30-34#sueltos   |  -.0560539   .1330778    -0.42   0.674    -.3168817    .2047738
                  35-39#cajetilla  |  -.0165728    .087468    -0.19   0.850    -.1880069    .1548613
                   35-39#sueltos   |  -.1537027   .1556529    -0.99   0.323    -.4587768    .1513713
                  40-44#cajetilla  |  -.0073764   .0940021    -0.08   0.937    -.1916172    .1768644
                   40-44#sueltos   |  -.1974933   .1929768    -1.02   0.306    -.5757208    .1807341
                  45-54#cajetilla  |  -.1715061   .0839312    -2.04   0.041    -.3360082   -.0070039
                   45-54#sueltos   |  -.3730711   .1601942    -2.33   0.020     -.687046   -.0590962
                    55+#cajetilla  |  -.2993568   .0947166    -3.16   0.002    -.4849979   -.1137156
                     55+#sueltos   |  -.4109512   .2087116    -1.97   0.049    -.8200184    -.001884
                                   |
                  educ_gr3#singles |
                Técnica#cajetilla  |   .2774055   .0989015     2.80   0.005     .0835622    .4712489
                 Técnica#sueltos   |  -.4306879   .1659596    -2.60   0.009    -.7559626   -.1054131
           Preparatoria#cajetilla  |   .3013867   .0853404     3.53   0.000     .1341225    .4686508
            Preparatoria#sueltos   |   -.174176   .1335198    -1.30   0.192      -.43587     .087518
Licenciatura incompleta#cajetilla  |   .2487368   .0912028     2.73   0.006     .0699827     .427491
 Licenciatura incompleta#sueltos   |  -.2073022   .1441699    -1.44   0.150      -.48987    .0752656
  Licenciatura completa#cajetilla  |   .4448314   .0881805     5.04   0.000     .2720009     .617662
   Licenciatura completa#sueltos   |   .5342992   .1587718     3.37   0.001     .2231121    .8454863
                   Otro#cajetilla  |   .3962847   .1258809     3.15   0.002     .1495627    .6430066
                    Otro#sueltos   |   .9137953   .2558733     3.57   0.000     .4122928    1.415298
                                   |
                   ingr_gr#singles |
         8,001 a 15 mil#cajetilla  |    .076658   .0598716     1.28   0.200    -.0406882    .1940041
          8,001 a 15 mil#sueltos   |   .1963024   .1022834     1.92   0.055    -.0041694    .3967742
        15,001 a 20 mil#cajetilla  |   .1158481   .0686423     1.69   0.091    -.0186882    .2503845
         15,001 a 20 mil#sueltos   |   .2736299   .1338445     2.04   0.041     .0112995    .5359603
                20 mil+#cajetilla  |   .1707535    .068356     2.50   0.012     .0367783    .3047288
                 20 mil+#sueltos   |   .0714174   .1469182     0.49   0.627    -.2165369    .3593718
                  No sé#cajetilla  |  -.0231746     .11155    -0.21   0.835    -.2418085    .1954594
                   No sé#sueltos   |  -.1192017   .1630932    -0.73   0.465    -.4388585    .2004552
                                   |
                           singles |
                         sueltos   |   3.045047   .1771773    17.19   0.000     2.697786    3.392308
                                   |
                            patron |
                            daily  |  -.0632956   .0455429    -1.39   0.165     -.152558    .0259668
                             _cons |   2.607091    .104939    24.84   0.000     2.401414    2.812768
-----------------------------------+----------------------------------------------------------------
                           sigma_u |  .75607458
                           sigma_e |  .84943659
                               rho |  .44204502   (fraction of variance due to u_i)
----------------------------------------------------------------------------------------------------

. outreg2 using resultados/encuesta/mod_p1_3, word excel append
resultados/encuesta/mod_p1_3.rtf
resultados/encuesta/mod_p1_3.xml
dir : seeout

. 
. estimates store random

. xttest0 

Breusch and Pagan Lagrangian multiplier test for random effects

        ppu[id_num,t] = Xb + u[id_num] + e[id_num,t]

        Estimated results:
                         |       Var     SD = sqrt(Var)
                ---------+-----------------------------
                     ppu |   2.415405       1.554157
                       e |   .7215425       .8494366
                       u |   .5716488       .7560746

        Test: Var(u) = 0
                             chibar2(01) =   186.60
                          Prob > chibar2 =   0.0000

. * rechazo Pooled 
. * significance of random effects
. * Hausmann Test
. // hausman consistent efficient
. hausman fixed random , sigmamore

                 ---- Coefficients ----
             |      (b)          (B)            (b-B)     sqrt(diag(V_b-V_B))
             |     fixed        random       Difference       Std. err.
-------------+----------------------------------------------------------------
     tax2020 |    .2136172     .1195543        .0940629        .1126357
     covid19 |     .168011     .1872554       -.0192443        .0335576
     tax2020#|
     singles |
        1 0  |   -.1597836    -.0381042       -.1216793        .1117946
tax2020_sexo#|
     singles |
        1 0  |    .0935484     .1127118       -.0191635        .0504634
        1 1  |   -.2616428    -.2006344       -.0610083        .1676349
     tax2020#|
      patron |
        1 0  |   -.0367158    -.0106115       -.0261043        .0645431
tax2020_sexo#|
      patron |
        1 0  |   -.0261688    -.0475461        .0213773        .0967465
sexo#singles |
        1 0  |    -.128773    -.0472725       -.0815005        .2306549
        1 1  |    .1542169     .3361892       -.1819724        .2828376
    edad_gr3#|
     singles |
        2 0  |   -.2045818    -.0479048        -.156677         .269004
        2 1  |   -.3342117    -.4531278         .118916        .3913022
        3 0  |   -.0266975    -.0932069        .0665095        .3237331
        3 1  |    .3272885    -.0560539        .3833425        .4364379
        4 0  |    .2901584    -.0165728        .3067312        .3882058
        4 1  |    .2610018    -.1537027        .4147046        .4847788
        5 0  |    .3471802    -.0073764        .3545565        .4445617
        5 1  |   -.3678422    -.1974933       -.1703488        .5544124
        6 0  |    .7605663    -.1715061        .9320724        .5570718
        6 1  |    .6626818    -.3730711        1.035753        .6200515
        7 0  |    .5699254    -.2993568        .8692821        .6296038
        7 1  |    .3391538    -.4109512         .750105        .7230233
    educ_gr3#|
     singles |
        3 0  |    .4383265     .2774055         .160921        .2248646
        3 1  |   -.5012102    -.4306879       -.0705223        .3151755
        4 0  |    .3163009     .3013867        .0149142        .2151931
        4 1  |   -.6320397     -.174176       -.4578637        .2848792
        5 0  |    .1164631     .2487368       -.1322737        .2473397
        5 1  |   -.8544112    -.2073022        -.647109        .3581621
        6 0  |   -.0367603     .4448314       -.4815918        .2504017
        6 1  |   -.5611538     .5342992       -1.095453        .3388282
        9 0  |   -.1365812     .3962847       -.5328658        .2785501
        9 1  |    1.111307     .9137953        .1975118        .4014857
     ingr_gr#|
     singles |
        5 0  |    .0969425      .076658        .0202845        .0877961
        5 1  |   -.0857891     .1963024       -.2820915        .1622725
        6 0  |    .0554914     .1158481       -.0603568        .1055376
        6 1  |   -.0740969     .2736299       -.3477268        .2256996
        7 0  |     .062968     .1707535       -.1077856        .1281966
        7 1  |   -.3863273     .0714174       -.4577447        .2344229
       99 0  |    .2620355    -.0231746          .28521        .1843195
       99 1  |   -.0208639    -.1192017        .0983377        .2419874
   1.singles |    3.840761     3.045047        .7957139        .3376696
    1.patron |   -.0519021    -.0632956        .0113935        .0769166
------------------------------------------------------------------------------
                          b = Consistent under H0 and Ha; obtained from xtreg.
           B = Inconsistent under Ha, efficient under H0; obtained from xtreg.

Test of H0: Difference in coefficients not systematic

   chi2(41) = (b-B)'[(V_b-V_B)^(-1)](b-B)
            =  98.07
Prob > chi2 = 0.0000

. // Rechazo Efectos aleatorios
. 
. /*
> // pruebas
> testparm i.tipo // se rechaza igualdad
> testparm tax2020#i.tipo // no se rechaza igualdad
> testparm tax2020_sexo#i.tipo_cons // no se rechaza igualdad
> */
. 
. // use "$datos/wave4_5balanc.dta", clear
. use "$datos/cp_w456balanc.dta",clear
(panel balanceado cantidad y precio waves 4, 5 y 6)

. //xtreg $dep $v_tipo_int $v_tipo if has_fumado_1mes, fe
. xtreg $dep $vars_txc $v_txc_singles $v_singles  if has_fumado_1mes, fe
note: 1.tax2020#1.singles omitted because of collinearity.
note: 1.tax2020#1.patron omitted because of collinearity.
note: 1.tax2020_sexo#1.patron omitted because of collinearity.

Fixed-effects (within) regression               Number of obs     =      1,350
Group variable: id_num                          Number of groups  =        450

R-squared:                                      Obs per group:
     Within  = 0.4780                                         min =          3
     Between = 0.2273                                         avg =        3.0
     Overall = 0.2937                                         max =          3

                                                F(41,859)         =      19.18
corr(u_i, Xb) = -0.3510                         Prob > F          =     0.0000

----------------------------------------------------------------------------------------------------
                               ppu | Coefficient  Std. err.      t    P>|t|     [95% conf. interval]
-----------------------------------+----------------------------------------------------------------
                           tax2020 |   .4500356   .2208796     2.04   0.042     .0165088    .8835624
                           covid19 |   .1024645   .0540301     1.90   0.058     -.003582    .2085109
                                   |
                   tax2020#singles |
                      1#cajetilla  |  -.3851427   .2159256    -1.78   0.075    -.8089463    .0386609
                       1#sueltos   |          0  (omitted)
                                   |
              tax2020_sexo#singles |
                      1#cajetilla  |   .0958638   .1190228     0.81   0.421    -.1377458    .3294734
                       1#sueltos   |  -.5222604   .3435587    -1.52   0.129    -1.196573    .1520524
                                   |
                    tax2020#patron |
                       1#nondaily  |  -.0580537   .1388886    -0.42   0.676    -.3306544    .2145471
                          1#daily  |          0  (omitted)
                                   |
               tax2020_sexo#patron |
                       1#nondaily  |   .0676599   .1950884     0.35   0.729    -.3152458    .4505656
                          1#daily  |          0  (omitted)
                                   |
                      sexo#singles |
               Femenino#cajetilla  |   -.095873   .2645269    -0.36   0.717    -.6150678    .4233218
                Femenino#sueltos   |   .6003178   .3490432     1.72   0.086    -.0847596    1.285395
                                   |
                  edad_gr3#singles |
                  25-29#cajetilla  |  -.1936047   .3872276    -0.50   0.617    -.9536277    .5664183
                   25-29#sueltos   |  -1.238234   .5516743    -2.24   0.025    -2.321022   -.1554467
                  30-34#cajetilla  |   .0593534   .4396083     0.14   0.893    -.8034789    .9221856
                   30-34#sueltos   |  -.2049839     .61953    -0.33   0.741    -1.420954    1.010986
                  35-39#cajetilla  |   .3981135   .5334354     0.75   0.456    -.6488758    1.445103
                   35-39#sueltos   |  -.2187863   .6849217    -0.32   0.749    -1.563102     1.12553
                  40-44#cajetilla  |   .3988971   .5611621     0.71   0.477    -.7025123    1.500306
                   40-44#sueltos   |   -.447095   .7762327    -0.58   0.565     -1.97063     1.07644
                  45-54#cajetilla  |   1.286956   .6752966     1.91   0.057    -.0384683    2.612381
                   45-54#sueltos   |   .2302022   .7871246     0.29   0.770     -1.31471    1.775115
                    55+#cajetilla  |   .9687051   .7614224     1.27   0.204    -.5257611    2.463171
                     55+#sueltos   |  -.3622092   .9443212    -0.38   0.701    -2.215656    1.491238
                                   |
                  educ_gr3#singles |
                Técnica#cajetilla  |   .2530587   .3053979     0.83   0.408    -.3463547    .8524721
                 Técnica#sueltos   |  -2.889603   .6127483    -4.72   0.000    -4.092262   -1.686943
           Preparatoria#cajetilla  |    .141106   .3028219     0.47   0.641    -.4532515    .7354636
            Preparatoria#sueltos   |  -2.093163   .5052628    -4.14   0.000    -3.084858   -1.101469
Licenciatura incompleta#cajetilla  |   .0616315   .3253449     0.19   0.850    -.5769325    .7001955
 Licenciatura incompleta#sueltos   |  -2.620031   .5801987    -4.52   0.000    -3.758804   -1.481258
  Licenciatura completa#cajetilla  |   .0385343   .3363626     0.11   0.909    -.6216545     .698723
   Licenciatura completa#sueltos   |  -2.178114   .5779055    -3.77   0.000    -3.312386   -1.043842
                   Otro#cajetilla  |  -.4430476   .3758232    -1.18   0.239    -1.180687    .2945917
                    Otro#sueltos   |  -3.018307   .7673761    -3.93   0.000    -4.524458   -1.512155
                                   |
                   ingr_gr#singles |
         8,001 a 15 mil#cajetilla  |   .1021617   .1246306     0.82   0.413    -.1424543    .3467778
          8,001 a 15 mil#sueltos   |   .0126894   .2708086     0.05   0.963    -.5188346    .5442135
        15,001 a 20 mil#cajetilla  |   .0445843   .1485184     0.30   0.764    -.2469171    .3360857
         15,001 a 20 mil#sueltos   |   .2472132   .3388642     0.73   0.466    -.4178856     .912312
                20 mil+#cajetilla  |   .1796198   .1717599     1.05   0.296    -.1574984     .516738
                 20 mil+#sueltos   |  -.1556361   .4006471    -0.39   0.698    -.9419981    .6307259
                  No sé#cajetilla  |   .2110779    .245694     0.86   0.391    -.2711529    .6933087
                   No sé#sueltos   |  -.4448099   .3526814    -1.26   0.208    -1.137028    .2474082
                                   |
                           singles |
                         sueltos   |   5.947088   .6205187     9.58   0.000     4.729178    7.164999
                                   |
                            patron |
                            daily  |  -.0294968   .1021541    -0.29   0.773    -.2299977    .1710041
                             _cons |   2.246165   .5576484     4.03   0.000     1.151652    3.340678
-----------------------------------+----------------------------------------------------------------
                           sigma_u |  1.0828369
                           sigma_e |  .78099306
                               rho |  .65780925   (fraction of variance due to u_i)
----------------------------------------------------------------------------------------------------
F test that all u_i=0: F(449, 859) = 2.72                    Prob > F = 0.0000

. outreg2 using resultados/encuesta/mod_p1_3, word excel append
resultados/encuesta/mod_p1_3.rtf
resultados/encuesta/mod_p1_3.xml
dir : seeout

. 
. estimates store fixed

. *xttest2
. /*
> insufficient observations
> r(2001);
> 
> end of do-file
> */
. /*
> // pruebas
> testparm i.tipo // NO se rechaza igualdad
> testparm tax2020#i.tipo // no se rechaza igualdad
> testparm tax2020_sexo#i.tipo_cons // no se rechaza igualdad
> */
. 
. log close
      name:  <unnamed>
       log:  C:\Users\USUARIO\OneDrive\Documentos\R\tax_ene2020\tax_2020\resultados/encuesta/modelos_prec
> io.log
  log type:  text
 closed on:  10 Sep 2021, 15:07:02
---------------------------------------------------------------------------------------------------------
