----------------------------------------------------------------------------------------------
      name:  <unnamed>
       log:  C:\Users\chen\OneDrive\Documentos\R\tax_ene2020\tax_2020\resultados\encuesta\/mod
> elos_cons0_log.log
  log type:  text
 opened on:  20 Aug 2021, 00:30:58

. 
. use "$datos/wave4_5unbalanced.dta", clear

. /***************************************************************************/
. // 1.0 MODELOS
. global vars_reg "sexo i.gr_edad i.gr_educ i.ingreso_hogar i.tipo_cons"

. 
. regress $depvar $vars_reg if has_fumado_1mes

      Source |       SS           df       MS      Number of obs   =     2,741
-------------+----------------------------------   F(20, 2720)     =    210.23
       Model |  2710.13475        20  135.506738   Prob > F        =    0.0000
    Residual |  1753.20392     2,720  .644560265   R-squared       =    0.6072
-------------+----------------------------------   Adj R-squared   =    0.6043
       Total |  4463.33867     2,740  1.62895572   Root MSE        =    .80285

------------------------------------------------------------------------------------------
            log_cons_sem |      Coef.   Std. Err.      t    P>|t|     [95% Conf. Interval]
-------------------------+----------------------------------------------------------------
                    sexo |  -.2009692   .0312335    -6.43   0.000     -.262213   -.1397254
                         |
                 gr_edad |
                  25-44  |   .1164876   .0485499     2.40   0.016     .0212892     .211686
                  45-64  |   .2511103   .0541724     4.64   0.000     .1448871    .3573335
                    65+  |   .4904556   .1522648     3.22   0.001     .1918892    .7890221
                         |
                 gr_educ |
    Secundaria completa  |  -.1330399   .1830037    -0.73   0.467    -.4918803    .2258005
 Técnica o Preparatoria  |  -.2176478   .1785165    -1.22   0.223    -.5676895    .1323939
Universidad o posterior  |  -.1648338   .1790942    -0.92   0.357    -.5160083    .1863407
                   Otro  |   .0071115   .2676338     0.03   0.979    -.5176746    .5318977
                         |
           ingreso_hogar |
     De $1,501 a $3,000  |   .1358733   .1425492     0.95   0.341    -.1436424     .415389
    De $3,001 a $5,000   |    .304787   .1308859     2.33   0.020     .0481411    .5614328
    De $5,001 a $8,000   |   .1957337   .1256192     1.56   0.119    -.0505851    .4420524
   De $8,001 a $10,000   |   .2471123   .1238796     1.99   0.046     .0042047    .4900199
   De $10,001 a $15,000  |   .2959699   .1223303     2.42   0.016     .0561001    .5358396
   De $15,001 a $20,000  |   .3183544   .1226123     2.60   0.009     .0779317    .5587771
   De $20,001 a $49,999  |   .2955924   .1222501     2.42   0.016     .0558799     .535305
          $50,000 o más  |   .6017346   .1384007     4.35   0.000     .3303535    .8731157
                  No se  |   .0745139   .1349243     0.55   0.581    -.1900507    .3390785
                         |
               tipo_cons |
          diario-suelto  |  -.4039629   .0815862    -4.95   0.000    -.5639401   -.2439858
   esporádico-cajetilla  |  -1.666283   .0351626   -47.39   0.000    -1.735231   -1.597335
      esporádico-suelto  |  -2.319973     .04732   -49.03   0.000    -2.412759   -2.227186
                         |
                   _cons |    3.64144   .2129411    17.10   0.000     3.223898    4.058983
------------------------------------------------------------------------------------------

. // FE:
. xtreg $depvar $vars_reg if has_fumado_1mes, fe
note: 5.gr_educ omitted because of collinearity

Fixed-effects (within) regression               Number of obs     =      2,741
Group variable: id_num                          Number of groups  =      1,994

R-sq:                                           Obs per group:
     within  = 0.2512                                         min =          1
     between = 0.5298                                         avg =        1.4
     overall = 0.5212                                         max =          2

                                                F(19,728)         =      12.86
corr(u_i, Xb)  = 0.4910                         Prob > F          =     0.0000

------------------------------------------------------------------------------------------
            log_cons_sem |      Coef.   Std. Err.      t    P>|t|     [95% Conf. Interval]
-------------------------+----------------------------------------------------------------
                    sexo |   .0035971   .1562705     0.02   0.982    -.3031976    .3103918
                         |
                 gr_edad |
                  25-44  |  -.1694949   .1628706    -1.04   0.298    -.4892469    .1502572
                  45-64  |  -.2574166   .3004056    -0.86   0.392    -.8471813     .332348
                    65+  |  -.2574166   .4415644    -0.58   0.560    -1.124308    .6094749
                         |
                 gr_educ |
    Secundaria completa  |  -.0486072   .2402208    -0.20   0.840    -.5202154    .4230009
 Técnica o Preparatoria  |  -.0256157   .2418266    -0.11   0.916    -.5003764    .4491451
Universidad o posterior  |     .03193   .2592259     0.12   0.902    -.4769896    .5408496
                   Otro  |          0  (omitted)
                         |
           ingreso_hogar |
     De $1,501 a $3,000  |   .4493364   .1836526     2.45   0.015     .0887845    .8098883
    De $3,001 a $5,000   |   .5704777   .1958289     2.91   0.004      .186021    .9549344
    De $5,001 a $8,000   |   .7383526   .1878068     3.93   0.000     .3696451     1.10706
   De $8,001 a $10,000   |    .777461   .1856092     4.19   0.000     .4130678    1.141854
   De $10,001 a $15,000  |   .7791474   .1849201     4.21   0.000      .416107    1.142188
   De $15,001 a $20,000  |   .8121714   .1882991     4.31   0.000     .4424974    1.181845
   De $20,001 a $49,999  |   .8177628   .1901612     4.30   0.000      .444433    1.191093
          $50,000 o más  |   .8997197   .2109664     4.26   0.000     .4855446    1.313895
                  No se  |   .8855213   .2113064     4.19   0.000     .4706788    1.300364
                         |
               tipo_cons |
          diario-suelto  |  -.0134823   .1132955    -0.12   0.905    -.2359073    .2089426
   esporádico-cajetilla  |  -.7391172   .0557532   -13.26   0.000    -.8485735   -.6296609
      esporádico-suelto  |  -1.000546   .0876422   -11.42   0.000    -1.172608   -.8284847
                         |
                   _cons |   2.648546   .3426635     7.73   0.000      1.97582    3.321273
-------------------------+----------------------------------------------------------------
                 sigma_u |   1.001207
                 sigma_e |  .39636274
                     rho |  .86450981   (fraction of variance due to u_i)
------------------------------------------------------------------------------------------
F test that all u_i=0: F(1993, 728) = 5.23                   Prob > F = 0.0000

. estimates store fixed

. *xttest2
. /*Error: too few common observations across panel.
> no observations
> r(2000);*/
. // RE:
. xtreg $depvar $vars_reg if has_fumado_1mes, re

Random-effects GLS regression                   Number of obs     =      2,741
Group variable: id_num                          Number of groups  =      1,994

R-sq:                                           Obs per group:
     within  = 0.2292                                         min =          1
     between = 0.6147                                         avg =        1.4
     overall = 0.6042                                         max =          2

                                                Wald chi2(20)     =    2909.48
corr(u_i, X)   = 0 (assumed)                    Prob > chi2       =     0.0000

------------------------------------------------------------------------------------------
            log_cons_sem |      Coef.   Std. Err.      z    P>|z|     [95% Conf. Interval]
-------------------------+----------------------------------------------------------------
                    sexo |  -.2185471    .036472    -5.99   0.000     -.290031   -.1470632
                         |
                 gr_edad |
                  25-44  |   .1341016   .0525966     2.55   0.011     .0310142     .237189
                  45-64  |   .3071865   .0605861     5.07   0.000       .18844     .425933
                    65+  |   .4752324   .1670595     2.84   0.004     .1478018    .8026631
                         |
                 gr_educ |
    Secundaria completa  |  -.1297997   .2092081    -0.62   0.535      -.53984    .2802407
 Técnica o Preparatoria  |  -.2027939   .2043372    -0.99   0.321    -.6032875    .1976997
Universidad o posterior  |  -.1406412   .2048186    -0.69   0.492    -.5420784    .2607959
                   Otro  |  -.0422569   .2655311    -0.16   0.874    -.5626884    .4781746
                         |
           ingreso_hogar |
     De $1,501 a $3,000  |   .2168373   .1274517     1.70   0.089    -.0329635    .4666381
    De $3,001 a $5,000   |   .3514212   .1236303     2.84   0.004     .1091103     .593732
    De $5,001 a $8,000   |   .3664785   .1184945     3.09   0.002     .1342337    .5987234
   De $8,001 a $10,000   |   .4055916   .1163576     3.49   0.000      .177535    .6336483
   De $10,001 a $15,000  |   .4231807   .1154151     3.67   0.000     .1969713    .6493902
   De $15,001 a $20,000  |   .4579722   .1163522     3.94   0.000     .2299261    .6860182
   De $20,001 a $49,999  |   .4449925   .1165521     3.82   0.000     .2165546    .6734304
          $50,000 o más  |   .6514754   .1325853     4.91   0.000      .391613    .9113378
                  No se  |   .3134353   .1299671     2.41   0.016     .0587045     .568166
                         |
               tipo_cons |
          diario-suelto  |  -.2549805   .0759332    -3.36   0.001    -.4038069   -.1061541
   esporádico-cajetilla  |  -1.415544   .0347433   -40.74   0.000     -1.48364   -1.347449
      esporádico-suelto  |   -2.01417   .0482135   -41.78   0.000    -2.108666   -1.919673
                         |
                   _cons |    3.32004   .2317934    14.32   0.000     2.865733    3.774346
-------------------------+----------------------------------------------------------------
                 sigma_u |  .70125652
                 sigma_e |  .39636274
                     rho |  .75787932   (fraction of variance due to u_i)
------------------------------------------------------------------------------------------

. estimates store random

. xttest0 

Breusch and Pagan Lagrangian multiplier test for random effects

        log_cons_sem[id_num,t] = Xb + u[id_num] + e[id_num,t]

        Estimated results:
                         |       Var     sd = sqrt(Var)
                ---------+-----------------------------
               log_con~m |   1.628956       1.276305
                       e |   .1571034       .3963627
                       u |   .4917607       .7012565

        Test:   Var(u) = 0
                             chibar2(01) =   240.10
                          Prob > chibar2 =   0.0000

. * significance of random effects
. * Hausmann Test
. // hausman consistent efficient
. hausman fixed random , sigmamore

                 ---- Coefficients ----
             |      (b)          (B)            (b-B)     sqrt(diag(V_b-V_B))
             |     fixed        random       Difference          S.E.
-------------+----------------------------------------------------------------
        sexo |    .0035971    -.2185471        .2221442        .1592291
     gr_edad |
          2  |   -.1694949     .1341016       -.3035964        .1619237
          3  |   -.2574166     .3071865       -.5646031        .3081199
          4  |   -.2574166     .4752324       -.7326491        .4302832
     gr_educ |
          2  |   -.0486072    -.1297997        .0811924        .1388777
          3  |   -.0256157    -.2027939        .1771782        .1488193
          4  |      .03193    -.1406412        .1725712        .1774156
ingreso_ho~r |
          2  |    .4493364     .2168373        .2324991        .1435645
          3  |    .5704777     .3514212        .2190565         .163154
          4  |    .7383526     .3664785        .3718741        .1565245
          5  |     .777461     .4055916        .3718693        .1552581
          6  |    .7791474     .4231807        .3559667         .155063
          7  |    .8121714     .4579722        .3541993        .1587619
          8  |    .8177628     .4449925        .3727703        .1610244
          9  |    .8997197     .6514754        .2482443          .17622
         99  |    .8855213     .3134353        .5720861        .1785995
   tipo_cons |
          2  |   -.0134823    -.2549805        .2414982        .0908836
          3  |   -.7391172    -1.415544        .6764272        .0467916
          4  |   -1.000546     -2.01417        1.013623        .0779014
------------------------------------------------------------------------------
                           b = consistent under Ho and Ha; obtained from xtreg
            B = inconsistent under Ha, efficient under Ho; obtained from xtreg

    Test:  Ho:  difference in coefficients not systematic

                 chi2(19) = (b-B)'[(V_b-V_B)^(-1)](b-B)
                          =      261.46
                Prob>chi2 =      0.0000

. // ?fixed effects?random effects
. // RECHAZO ALEATORIOS
. 
. capture log close
